[INFO] Scanning for projects...
[INFO] 
[INFO] -------------------< cmedatonin:medatonin-datenbank >-------------------
[INFO] Building medatonin-datenbank 1.0-SNAPSHOT
[INFO]   from pom.xml
[INFO] --------------------------------[ jar ]---------------------------------
[WARNING] The POM for org.docx4j:docx4j:jar:11.4.9 is missing, no dependency information available
[INFO] ------------------------------------------------------------------------
[INFO] BUILD FAILURE
[INFO] ------------------------------------------------------------------------
[INFO] Total time:  0.858 s
[INFO] Finished at: 2025-07-22T22:23:29+02:00
[INFO] ------------------------------------------------------------------------
[ERROR] Failed to execute goal on project medatonin-datenbank: Could not resolve dependencies for project cmedatonin:medatonin-datenbank:jar:1.0-SNAPSHOT
[ERROR] dependency: org.docx4j:docx4j:jar:11.4.9 (compile)
[ERROR] 	org.docx4j:docx4j:jar:11.4.9 was not found in https://repo.maven.apache.org/maven2 during a previous attempt. This failure was cached in the local repository and resolution is not reattempted until the update interval of central has elapsed or updates are forced
[ERROR] 
[ERROR] -> [Help 1]
[ERROR] 
[ERROR] To see the full stack trace of the errors, re-run Maven with the -e switch.
[ERROR] Re-run Maven using the -X switch to enable full debug logging.
[ERROR] 
[ERROR] For more information about the errors and possible solutions, please read the following articles:
[ERROR] [Help 1] http://cwiki.apache.org/confluence/display/MAVEN/DependencyResolutionException
