=== Zahlenfolgen ===
Zahlenfolgen
Bearbeitungszeit f³r 10 Aufgaben: 15 Minuten


In diesem Untertest werden Ihre Fõhigkeit eine Zahlenreihe logisch fortzusetzen ³berpr³ft.
Ihnen wird pro Aufgabe eine Zahlenreihe prõsentiert. Ihre Aufgabe ist es die Regel hinter jeder
Zahlenreihe zu erkennen und anhand dieser die zwei folgenden Zahlen der Reihe zu berechnen. Sollten
die errechneten Zahlen nicht unter den Antwortm÷glichkeiten A) bis D) zu finden sein, so ist Antwort E) zu wõhlen.

Die Aufgaben sind im Single-Choice Format gestellt und jeweils nur eine der gegebenen Antwortm÷glichkeiten A) bis E) ist korrekt.

Bitte markieren Sie f³r jede Aufgabe die korrekte Antwort in Ihrem Antwortbogen, da ausschlie▀lich dieser f³r die Auswertung Ihrer Ergebnisse herangezogen wird. Markierungen im Testheft werden nicht beurteilt.

Das Zur³ckblõttern zum vorherigen Untertest, sowie das selbststõndige Weiterblõttern zum nõchsten Untertest ist nicht erlaubt und f³hrt zum sofortigen Ausschluss von der Pr³fung.

Sie d³rfen mit der Bearbeitung der Aufgaben erst beginnen, wenn der Testleiter den Untertest freigegeben hat!

Beispielaufgabe:
2	4	3	6	5	10	9	?	?
A)	18/17
B)	19/18
C)	20/21
D)	17/18
E)	16/17


Die korrekte Antwort der Beispielaufgabe wõre Antwortm÷glichkeit A).

--- Checking for box content indicators ---
? Found box content: In diesem Untertest werden Ihre Fõhigkeit eine Zah...
? Found box content: Die Aufgaben sind im Single-Choice Format gestellt...
? Found box content: Bitte markieren Sie f³r jede Aufgabe die korrekte ...
? Found box content: Das Zur³ckblõttern zum vorherigen Untertest, sowie...
? Found box content: Sie d³rfen mit der Bearbeitung der Aufgaben erst b...

==================================================

=== Wortfl³ssigkeit ===
Wortfl³ssigkeit
Bearbeitungszeit f³r 15 Aufgaben: 20 Minuten


In diesem Untertest wird Ihnen pro Aufgabe ein Wort prõsentiert, bei welchem die Anordnung
der Buchstaben vertauscht wurde. Ihre Aufgabe ist es, die Buchstaben in die korrekte Reihenfolge zu bringen und den Anfangsbuchstaben des gesuchten Wortes zu finden.

Die Aufgaben sind im Single-Choice Format gestellt und jeweils nur eine der gegebenen Antwortm÷glichkeiten A) bis E) ist korrekt.

Bitte markieren Sie f³r jede Aufgabe die korrekte Antwort in Ihrem Antwortbogen, da ausschlie▀lich dieser f³r die Auswertung Ihrer Ergebnisse herangezogen wird. Markierungen im Testheft werden nicht beurteilt.

Das Zur³ckblõttern zum vorherigen Untertest, sowie das selbststõndige Weiterblõttern zum nõchsten Untertest ist nicht erlaubt und f³hrt zum sofortigen Ausschluss von der Pr³fung.

Sie d³rfen mit der Bearbeitung der Aufgaben erst beginnen, wenn der Testleiter den Untertest freigegeben hat!

Beispielaufgabe:

--- Checking for box content indicators ---
? Found box content: In diesem Untertest wird Ihnen pro Aufgabe ein Wor...
? Found box content: Die Aufgaben sind im Single-Choice Format gestellt...
? Found box content: Bitte markieren Sie f³r jede Aufgabe die korrekte ...
? Found box content: Das Zur³ckblõttern zum vorherigen Untertest, sowie...
? Found box content: Sie d³rfen mit der Bearbeitung der Aufgaben erst b...

==================================================

=== Implikationen erkennen ===
Implikationen erkennen
Bearbeitungszeit f³r 10 Aufgaben: 10 Minuten


Die folgenden Aufgaben ³berpr³fen Ihre Fõhigkeit Annahmen in Aussagen zu erkennen.
In jeder Aufgabe wird Ihnen eine Ausgangsaussage gezeigt. Bitte beurteilen Sie, welche der gegebenen Antwortm÷glichkeiten eine notwendige Annahme dieser Ausgangsaussage ist. Die gesuchte Annahme muss erf³llt werden, damit die Ausgangsaussage wahr ist.

Die Aufgaben sind im Single-Choice Format gestellt und jeweils nur eine der gegebenen Antwortm÷glichkeiten A) bis E) ist korrekt.

Bitte markieren Sie f³r jede Aufgabe die korrekte Antwort in Ihrem Antwortbogen, da ausschlie▀lich dieser f³r die Auswertung Ihrer Ergebnisse herangezogen wird. Markierungen im Testheft werden nicht beurteilt.

Das Zur³ckblõttern zum vorherigen Untertest, sowie das selbststõndige Weiterblõttern zum nõchsten Untertest ist nicht erlaubt und f³hrt zum sofortigen Ausschluss von der Pr³fung.

Sie d³rfen mit der Bearbeitung der Aufgaben erst beginnen, wenn der Testleiter den Untertest freigegeben hat!

Beispielaufgabe:
"Alle Hunde sind Katzen."
"Alle Katzen sind Pferde."
A)	Alle Hunde sind Pferde.
B)	Keine Hunde sind Pferde.
C)	Einige Hunde sind keine Pferde.
D)	Alle Pferde sind Hunde.
E)	Keine der Antworten ist richtig.


Die korrekte Antwort der Beispielaufgabe wõre Antwortm÷glichkeit A) Alle Hunde sind Pferde.

--- Checking for box content indicators ---
? Found box content: Die folgenden Aufgaben ³berpr³fen Ihre Fõhigkeit A...
? Found box content: Die Aufgaben sind im Single-Choice Format gestellt...
? Found box content: Bitte markieren Sie f³r jede Aufgabe die korrekte ...
? Found box content: Das Zur³ckblõttern zum vorherigen Untertest, sowie...
? Found box content: Sie d³rfen mit der Bearbeitung der Aufgaben erst b...

==================================================

